Component: ARM Compiler 5.06 update 6 (build 750) Tool: armlink [4d35ed]

==============================================================================

Section Cross References

    main.o(.text) refers to delay.o(.text) for delay_ms
    main.o(.text) refers to dht11.o(.text) for DHT11_Read_Data
    main.o(.text) refers to adc.o(.text) for Get_Adc_Average
    main.o(.text) refers to lcd1602.o(.text) for LCD1602_Write_Cmd
    main.o(.text) refers to wifi.o(.text) for ESP8266_send_data
    main.o(.text) refers to main.o(.data) for humi_value
    main.o(.text) refers to main.o(.bss) for value_buf
    main.o(.text) refers to misc.o(.text) for NVIC_PriorityGroupConfig
    main.o(.text) refers to usart.o(.text) for uart_init
    main.o(.text) refers to led.o(.text) for LED_Init
    system_stm32f10x.o(.text) refers to system_stm32f10x.o(.data) for SystemCoreClock
    led.o(.text) refers to stm32f10x_rcc.o(.text) for RCC_APB2PeriphClockCmd
    led.o(.text) refers to stm32f10x_gpio.o(.text) for GPIO_PinRemapConfig
    wifi.o(.text) refers to stm32f10x_rcc.o(.text) for RCC_APB2PeriphClockCmd
    wifi.o(.text) refers to stm32f10x_gpio.o(.text) for GPIO_Init
    wifi.o(.text) refers to misc.o(.text) for NVIC_Init
    wifi.o(.text) refers to stm32f10x_usart.o(.text) for USART_Init
    wifi.o(.text) refers to strstr.o(.text) for strstr
    wifi.o(.text) refers to delay.o(.text) for delay_ms
    wifi.o(.text) refers to wifi.o(.bss) for Uart3_Buf
    wifi.o(.text) refers to wifi.o(.data) for First_Int
    dht11.o(.text) refers to stm32f10x_rcc.o(.text) for RCC_APB2PeriphClockCmd
    dht11.o(.text) refers to stm32f10x_gpio.o(.text) for GPIO_Init
    dht11.o(.text) refers to delay.o(.text) for delay_ms
    lcd1602.o(.text) refers to stm32f10x_rcc.o(.text) for RCC_APB2PeriphClockCmd
    lcd1602.o(.text) refers to stm32f10x_gpio.o(.text) for GPIO_Init
    lcd1602.o(.text) refers to delay.o(.text) for delay_us
    adc.o(.text) refers to stm32f10x_rcc.o(.text) for RCC_APB2PeriphClockCmd
    adc.o(.text) refers to stm32f10x_gpio.o(.text) for GPIO_Init
    adc.o(.text) refers to stm32f10x_adc.o(.text) for ADC_DeInit
    adc.o(.text) refers to delay.o(.text) for delay_ms
    timer.o(.text) refers to stm32f10x_rcc.o(.text) for RCC_APB1PeriphClockCmd
    timer.o(.text) refers to stm32f10x_tim.o(.text) for TIM_TimeBaseInit
    timer.o(.text) refers to misc.o(.text) for NVIC_Init
    delay.o(.text) refers to misc.o(.text) for SysTick_CLKSourceConfig
    delay.o(.text) refers to system_stm32f10x.o(.data) for SystemCoreClock
    delay.o(.text) refers to delay.o(.data) for fac_us
    usart.o(.text) refers to stm32f10x_rcc.o(.text) for RCC_APB2PeriphClockCmd
    usart.o(.text) refers to stm32f10x_gpio.o(.text) for GPIO_Init
    usart.o(.text) refers to misc.o(.text) for NVIC_Init
    usart.o(.text) refers to stm32f10x_usart.o(.text) for USART_Init
    usart.o(.text) refers to usart.o(.data) for USART_RX_STA
    usart.o(.text) refers to usart.o(.bss) for USART_RX_BUF
    startup_stm32f10x_md.o(RESET) refers to startup_stm32f10x_md.o(STACK) for __initial_sp
    startup_stm32f10x_md.o(RESET) refers to startup_stm32f10x_md.o(.text) for Reset_Handler
    startup_stm32f10x_md.o(RESET) refers to stm32f10x_it.o(.text) for NMI_Handler
    startup_stm32f10x_md.o(RESET) refers to timer.o(.text) for TIM3_IRQHandler
    startup_stm32f10x_md.o(RESET) refers to usart.o(.text) for USART1_IRQHandler
    startup_stm32f10x_md.o(RESET) refers to wifi.o(.text) for USART3_IRQHandler
    startup_stm32f10x_md.o(.text) refers to system_stm32f10x.o(.text) for SystemInit
    startup_stm32f10x_md.o(.text) refers to entry.o(.ARM.Collect$$$$00000000) for __main
    stm32f10x_gpio.o(.text) refers to stm32f10x_rcc.o(.text) for RCC_APB2PeriphResetCmd
    stm32f10x_rcc.o(.text) refers to stm32f10x_rcc.o(.data) for APBAHBPrescTable
    stm32f10x_usart.o(.text) refers to stm32f10x_rcc.o(.text) for RCC_APB2PeriphResetCmd
    stm32f10x_adc.o(.text) refers to stm32f10x_rcc.o(.text) for RCC_APB2PeriphResetCmd
    stm32f10x_tim.o(.text) refers to stm32f10x_rcc.o(.text) for RCC_APB2PeriphResetCmd
    entry.o(.ARM.Collect$$$$00000000) refers (Special) to entry10a.o(.ARM.Collect$$$$0000000D) for __rt_final_cpp
    entry.o(.ARM.Collect$$$$00000000) refers (Special) to entry11a.o(.ARM.Collect$$$$0000000F) for __rt_final_exit
    entry.o(.ARM.Collect$$$$00000000) refers (Special) to entry7b.o(.ARM.Collect$$$$00000008) for _main_clock
    entry.o(.ARM.Collect$$$$00000000) refers (Special) to entry8b.o(.ARM.Collect$$$$0000000A) for _main_cpp_init
    entry.o(.ARM.Collect$$$$00000000) refers (Special) to entry9a.o(.ARM.Collect$$$$0000000B) for _main_init
    entry.o(.ARM.Collect$$$$00000000) refers (Special) to entry5.o(.ARM.Collect$$$$00000004) for _main_scatterload
    entry.o(.ARM.Collect$$$$00000000) refers (Special) to entry2.o(.ARM.Collect$$$$00000001) for _main_stk
    entry2.o(.ARM.Collect$$$$00000001) refers to entry2.o(.ARM.Collect$$$$00002712) for __lit__00000000
    entry2.o(.ARM.Collect$$$$00002712) refers to startup_stm32f10x_md.o(STACK) for __initial_sp
    entry2.o(__vectab_stack_and_reset_area) refers to startup_stm32f10x_md.o(STACK) for __initial_sp
    entry2.o(__vectab_stack_and_reset_area) refers to entry.o(.ARM.Collect$$$$00000000) for __main
    entry5.o(.ARM.Collect$$$$00000004) refers to init.o(.text) for __scatterload
    entry9a.o(.ARM.Collect$$$$0000000B) refers to main.o(.text) for main
    entry9b.o(.ARM.Collect$$$$0000000C) refers to main.o(.text) for main
    init.o(.text) refers to entry5.o(.ARM.Collect$$$$00000004) for __main_after_scatterload


==============================================================================

Removing Unused input sections from the image.

    Removing sys.o(.emb_text), (6 bytes).
    Removing sys.o(.text), (12 bytes).
    Removing core_cm3.o(.emb_text), (32 bytes).
    Removing startup_stm32f10x_md.o(HEAP), (512 bytes).

4 unused section(s) (total 562 bytes) removed from the image.

==============================================================================

Image Symbol Table

    Local Symbols

    Symbol Name                              Value     Ov Type        Size  Object(Section)

    ../clib/microlib/init/entry.s            0x00000000   Number         0  entry10b.o ABSOLUTE
    ../clib/microlib/init/entry.s            0x00000000   Number         0  entry5.o ABSOLUTE
    ../clib/microlib/init/entry.s            0x00000000   Number         0  entry.o ABSOLUTE
    ../clib/microlib/init/entry.s            0x00000000   Number         0  entry7a.o ABSOLUTE
    ../clib/microlib/init/entry.s            0x00000000   Number         0  entry7b.o ABSOLUTE
    ../clib/microlib/init/entry.s            0x00000000   Number         0  entry8a.o ABSOLUTE
    ../clib/microlib/init/entry.s            0x00000000   Number         0  entry8b.o ABSOLUTE
    ../clib/microlib/init/entry.s            0x00000000   Number         0  entry9a.o ABSOLUTE
    ../clib/microlib/init/entry.s            0x00000000   Number         0  entry10a.o ABSOLUTE
    ../clib/microlib/init/entry.s            0x00000000   Number         0  entry9b.o ABSOLUTE
    ../clib/microlib/init/entry.s            0x00000000   Number         0  entry11b.o ABSOLUTE
    ../clib/microlib/init/entry.s            0x00000000   Number         0  entry11a.o ABSOLUTE
    ../clib/microlib/init/entry.s            0x00000000   Number         0  entry2.o ABSOLUTE
    ../clib/microlib/string/strstr.c         0x00000000   Number         0  strstr.o ABSOLUTE
    ../clib/microlib/stubs.s                 0x00000000   Number         0  useno.o ABSOLUTE
    ..\CORE\core_cm3.c                       0x00000000   Number         0  core_cm3.o ABSOLUTE
    ..\CORE\startup_stm32f10x_md.s           0x00000000   Number         0  startup_stm32f10x_md.o ABSOLUTE
    ..\HARDWARE\ADC\adc.c                    0x00000000   Number         0  adc.o ABSOLUTE
    ..\HARDWARE\DHT11\dht11.c                0x00000000   Number         0  dht11.o ABSOLUTE
    ..\HARDWARE\ESP8266\wifi.c               0x00000000   Number         0  wifi.o ABSOLUTE
    ..\HARDWARE\LCD1602\LCD1602.c            0x00000000   Number         0  lcd1602.o ABSOLUTE
    ..\HARDWARE\LED\led.c                    0x00000000   Number         0  led.o ABSOLUTE
    ..\HARDWARE\TIMER\timer.c                0x00000000   Number         0  timer.o ABSOLUTE
    ..\STM32F10x_FWLib\src\misc.c            0x00000000   Number         0  misc.o ABSOLUTE
    ..\STM32F10x_FWLib\src\stm32f10x_adc.c   0x00000000   Number         0  stm32f10x_adc.o ABSOLUTE
    ..\STM32F10x_FWLib\src\stm32f10x_gpio.c  0x00000000   Number         0  stm32f10x_gpio.o ABSOLUTE
    ..\STM32F10x_FWLib\src\stm32f10x_rcc.c   0x00000000   Number         0  stm32f10x_rcc.o ABSOLUTE
    ..\STM32F10x_FWLib\src\stm32f10x_tim.c   0x00000000   Number         0  stm32f10x_tim.o ABSOLUTE
    ..\STM32F10x_FWLib\src\stm32f10x_usart.c 0x00000000   Number         0  stm32f10x_usart.o ABSOLUTE
    ..\SYSTEM\delay\delay.c                  0x00000000   Number         0  delay.o ABSOLUTE
    ..\SYSTEM\sys\sys.c                      0x00000000   Number         0  sys.o ABSOLUTE
    ..\SYSTEM\usart\usart.c                  0x00000000   Number         0  usart.o ABSOLUTE
    ..\\CORE\\core_cm3.c                     0x00000000   Number         0  core_cm3.o ABSOLUTE
    ..\\SYSTEM\\sys\\sys.c                   0x00000000   Number         0  sys.o ABSOLUTE
    dc.s                                     0x00000000   Number         0  dc.o ABSOLUTE
    handlers.s                               0x00000000   Number         0  handlers.o ABSOLUTE
    init.s                                   0x00000000   Number         0  init.o ABSOLUTE
    main.c                                   0x00000000   Number         0  main.o ABSOLUTE
    stm32f10x_it.c                           0x00000000   Number         0  stm32f10x_it.o ABSOLUTE
    system_stm32f10x.c                       0x00000000   Number         0  system_stm32f10x.o ABSOLUTE
    RESET                                    0x08000000   Section      236  startup_stm32f10x_md.o(RESET)
    .ARM.Collect$$$$00000000                 0x080000ec   Section        0  entry.o(.ARM.Collect$$$$00000000)
    .ARM.Collect$$$$00000001                 0x080000ec   Section        4  entry2.o(.ARM.Collect$$$$00000001)
    .ARM.Collect$$$$00000004                 0x080000f0   Section        4  entry5.o(.ARM.Collect$$$$00000004)
    .ARM.Collect$$$$00000008                 0x080000f4   Section        0  entry7b.o(.ARM.Collect$$$$00000008)
    .ARM.Collect$$$$0000000A                 0x080000f4   Section        0  entry8b.o(.ARM.Collect$$$$0000000A)
    .ARM.Collect$$$$0000000B                 0x080000f4   Section        8  entry9a.o(.ARM.Collect$$$$0000000B)
    .ARM.Collect$$$$0000000D                 0x080000fc   Section        0  entry10a.o(.ARM.Collect$$$$0000000D)
    .ARM.Collect$$$$0000000F                 0x080000fc   Section        0  entry11a.o(.ARM.Collect$$$$0000000F)
    .ARM.Collect$$$$00002712                 0x080000fc   Section        4  entry2.o(.ARM.Collect$$$$00002712)
    __lit__00000000                          0x080000fc   Data           4  entry2.o(.ARM.Collect$$$$00002712)
    .text                                    0x08000100   Section        0  main.o(.text)
    .text                                    0x08000794   Section        0  stm32f10x_it.o(.text)
    .text                                    0x080007b0   Section        0  system_stm32f10x.o(.text)
    SetSysClockTo72                          0x080007b1   Thumb Code   214  system_stm32f10x.o(.text)
    SetSysClock                              0x08000887   Thumb Code     8  system_stm32f10x.o(.text)
    .text                                    0x08000990   Section        0  led.o(.text)
    .text                                    0x08000a5c   Section        0  wifi.o(.text)
    .text                                    0x08000d1c   Section        0  dht11.o(.text)
    .text                                    0x08000ee4   Section        0  lcd1602.o(.text)
    .text                                    0x0800102c   Section        0  adc.o(.text)
    .text                                    0x08001118   Section        0  timer.o(.text)
    .text                                    0x0800118c   Section        0  delay.o(.text)
    .text                                    0x08001260   Section        0  usart.o(.text)
    .text                                    0x080013a0   Section       36  startup_stm32f10x_md.o(.text)
    .text                                    0x080013c4   Section        0  stm32f10x_gpio.o(.text)
    .text                                    0x08001720   Section        0  stm32f10x_rcc.o(.text)
    .text                                    0x08001ac4   Section        0  stm32f10x_usart.o(.text)
    .text                                    0x08001ecc   Section        0  misc.o(.text)
    .text                                    0x08001fa8   Section        0  stm32f10x_adc.o(.text)
    .text                                    0x080023f8   Section        0  stm32f10x_tim.o(.text)
    TI4_Config                               0x0800289f   Thumb Code   130  stm32f10x_tim.o(.text)
    TI3_Config                               0x08002933   Thumb Code   122  stm32f10x_tim.o(.text)
    TI2_Config                               0x080029c7   Thumb Code   130  stm32f10x_tim.o(.text)
    TI1_Config                               0x08002a5b   Thumb Code   108  stm32f10x_tim.o(.text)
    .text                                    0x08003212   Section        0  strstr.o(.text)
    .text                                    0x08003238   Section       36  init.o(.text)
    i.__scatterload_copy                     0x0800325c   Section       14  handlers.o(i.__scatterload_copy)
    i.__scatterload_null                     0x0800326a   Section        2  handlers.o(i.__scatterload_null)
    i.__scatterload_zeroinit                 0x0800326c   Section       14  handlers.o(i.__scatterload_zeroinit)
    .data                                    0x20000000   Section       48  main.o(.data)
    .data                                    0x20000030   Section       20  system_stm32f10x.o(.data)
    .data                                    0x20000044   Section        1  wifi.o(.data)
    .data                                    0x20000046   Section        4  delay.o(.data)
    fac_us                                   0x20000046   Data           1  delay.o(.data)
    fac_ms                                   0x20000048   Data           2  delay.o(.data)
    .data                                    0x2000004c   Section        6  usart.o(.data)
    .data                                    0x20000052   Section       20  stm32f10x_rcc.o(.data)
    APBAHBPrescTable                         0x20000052   Data          16  stm32f10x_rcc.o(.data)
    ADCPrescTable                            0x20000062   Data           4  stm32f10x_rcc.o(.data)
    .bss                                     0x20000068   Section       14  main.o(.bss)
    .bss                                     0x20000076   Section      100  wifi.o(.bss)
    .bss                                     0x200000da   Section      200  usart.o(.bss)
    STACK                                    0x200001a8   Section     1024  startup_stm32f10x_md.o(STACK)

    Global Symbols

    Symbol Name                              Value     Ov Type        Size  Object(Section)

    BuildAttributes$$THM_ISAv4$P$D$K$B$S$PE$A:L22UL41UL21$X:L11$S22US41US21$IEEE1$IW$USESV6$~STKCKD$USESV7$~SHL$OSPACE$EBA8$MICROLIB$REQ8$PRES8$EABIv2 0x00000000   Number         0  anon$$obj.o ABSOLUTE
    __ARM_use_no_argv                        0x00000000   Number         0  main.o ABSOLUTE
    __use_no_errno                           0x00000000   Number         0  useno.o ABSOLUTE
    __use_no_exception_handling              0x00000000   Number         0  useno.o ABSOLUTE
    __use_no_fp                              0x00000000   Number         0  useno.o ABSOLUTE
    __use_no_heap                            0x00000000   Number         0  useno.o ABSOLUTE
    __use_no_heap_region                     0x00000000   Number         0  useno.o ABSOLUTE
    __use_no_semihosting                     0x00000000   Number         0  useno.o ABSOLUTE
    __use_no_semihosting_swi                 0x00000000   Number         0  useno.o ABSOLUTE
    __use_no_signal_handling                 0x00000000   Number         0  useno.o ABSOLUTE
    __cpp_initialize__aeabi_                  - Undefined Weak Reference
    __cxa_finalize                            - Undefined Weak Reference
    __decompress                              - Undefined Weak Reference
    _clock_init                               - Undefined Weak Reference
    _microlib_exit                            - Undefined Weak Reference
    __Vectors_Size                           0x000000ec   Number         0  startup_stm32f10x_md.o ABSOLUTE
    __Vectors                                0x08000000   Data           4  startup_stm32f10x_md.o(RESET)
    __Vectors_End                            0x080000ec   Data           0  startup_stm32f10x_md.o(RESET)
    __main                                   0x080000ed   Thumb Code     0  entry.o(.ARM.Collect$$$$00000000)
    _main_stk                                0x080000ed   Thumb Code     0  entry2.o(.ARM.Collect$$$$00000001)
    _main_scatterload                        0x080000f1   Thumb Code     0  entry5.o(.ARM.Collect$$$$00000004)
    __main_after_scatterload                 0x080000f5   Thumb Code     0  entry5.o(.ARM.Collect$$$$00000004)
    _main_clock                              0x080000f5   Thumb Code     0  entry7b.o(.ARM.Collect$$$$00000008)
    _main_cpp_init                           0x080000f5   Thumb Code     0  entry8b.o(.ARM.Collect$$$$0000000A)
    _main_init                               0x080000f5   Thumb Code     0  entry9a.o(.ARM.Collect$$$$0000000B)
    __rt_final_cpp                           0x080000fd   Thumb Code     0  entry10a.o(.ARM.Collect$$$$0000000D)
    __rt_final_exit                          0x080000fd   Thumb Code     0  entry11a.o(.ARM.Collect$$$$0000000F)
    F_Rotation                               0x08000101   Thumb Code   158  main.o(.text)
    B_Rotation                               0x0800019f   Thumb Code   158  main.o(.text)
    Data_Deal                                0x0800023d   Thumb Code   828  main.o(.text)
    Receive_data                             0x08000579   Thumb Code   246  main.o(.text)
    Sys_Init                                 0x0800066f   Thumb Code   140  main.o(.text)
    main                                     0x080006fb   Thumb Code    72  main.o(.text)
    NMI_Handler                              0x08000795   Thumb Code     2  stm32f10x_it.o(.text)
    HardFault_Handler                        0x08000797   Thumb Code     4  stm32f10x_it.o(.text)
    MemManage_Handler                        0x0800079b   Thumb Code     4  stm32f10x_it.o(.text)
    BusFault_Handler                         0x0800079f   Thumb Code     4  stm32f10x_it.o(.text)
    UsageFault_Handler                       0x080007a3   Thumb Code     4  stm32f10x_it.o(.text)
    SVC_Handler                              0x080007a7   Thumb Code     2  stm32f10x_it.o(.text)
    DebugMon_Handler                         0x080007a9   Thumb Code     2  stm32f10x_it.o(.text)
    PendSV_Handler                           0x080007ab   Thumb Code     2  stm32f10x_it.o(.text)
    SysTick_Handler                          0x080007ad   Thumb Code     2  stm32f10x_it.o(.text)
    SystemInit                               0x0800088f   Thumb Code    78  system_stm32f10x.o(.text)
    SystemCoreClockUpdate                    0x080008dd   Thumb Code   142  system_stm32f10x.o(.text)
    Motor_Init                               0x08000991   Thumb Code    96  led.o(.text)
    Relay_Beep_Init                          0x080009f1   Thumb Code    50  led.o(.text)
    LED_Init                                 0x08000a23   Thumb Code    46  led.o(.text)
    USART3_init                              0x08000a5d   Thumb Code   160  wifi.o(.text)
    USART3_IRQHandler                        0x08000afd   Thumb Code    44  wifi.o(.text)
    CLR_Buf                                  0x08000b29   Thumb Code    26  wifi.o(.text)
    UART3_SendString                         0x08000b43   Thumb Code    38  wifi.o(.text)
    UART3_Send_Command                       0x08000b69   Thumb Code    22  wifi.o(.text)
    Find                                     0x08000b7f   Thumb Code    22  wifi.o(.text)
    UART3_Send_AT_Command                    0x08000b95   Thumb Code    54  wifi.o(.text)
    ESP8266_wifi_Init                        0x08000bcb   Thumb Code   138  wifi.o(.text)
    ESP8266_send_data                        0x08000c55   Thumb Code    36  wifi.o(.text)
    DHT11_IO_IN                              0x08000d1d   Thumb Code    40  dht11.o(.text)
    DHT11_IO_OUT                             0x08000d45   Thumb Code    40  dht11.o(.text)
    DHT11_Rst                                0x08000d6d   Thumb Code    34  dht11.o(.text)
    DHT11_Check                              0x08000d8f   Thumb Code    78  dht11.o(.text)
    DHT11_Read_Bit                           0x08000ddd   Thumb Code    76  dht11.o(.text)
    DHT11_Read_Byte                          0x08000e29   Thumb Code    30  dht11.o(.text)
    DHT11_Read_Data                          0x08000e47   Thumb Code    88  dht11.o(.text)
    DHT11_Init                               0x08000e9f   Thumb Code    58  dht11.o(.text)
    LCD1602_GPIOInit                         0x08000ee5   Thumb Code    66  lcd1602.o(.text)
    LCD1602_Write_Cmd                        0x08000f27   Thumb Code    64  lcd1602.o(.text)
    LCD1602_Write_Dat                        0x08000f67   Thumb Code    66  lcd1602.o(.text)
    LCD1602_ClearScreen                      0x08000fa9   Thumb Code    10  lcd1602.o(.text)
    LCD1602_Set_Cursor                       0x08000fb3   Thumb Code    32  lcd1602.o(.text)
    LCD1602_Show_Str                         0x08000fd3   Thumb Code    34  lcd1602.o(.text)
    LCD1602_Init                             0x08000ff5   Thumb Code    38  lcd1602.o(.text)
    Adc_Init                                 0x0800102d   Thumb Code   134  adc.o(.text)
    Get_Adc                                  0x080010b3   Thumb Code    46  adc.o(.text)
    Get_Adc_Average                          0x080010e1   Thumb Code    46  adc.o(.text)
    TIM3_Int_Init                            0x08001119   Thumb Code    88  timer.o(.text)
    TIM3_IRQHandler                          0x08001171   Thumb Code    22  timer.o(.text)
    delay_init                               0x0800118d   Thumb Code    50  delay.o(.text)
    delay_us                                 0x080011bf   Thumb Code    72  delay.o(.text)
    delay_ms                                 0x08001207   Thumb Code    72  delay.o(.text)
    _sys_exit                                0x08001261   Thumb Code     6  usart.o(.text)
    fputc                                    0x08001267   Thumb Code    24  usart.o(.text)
    uart_init                                0x0800127f   Thumb Code   152  usart.o(.text)
    USART1_IRQHandler                        0x08001317   Thumb Code   122  usart.o(.text)
    Reset_Handler                            0x080013a1   Thumb Code     8  startup_stm32f10x_md.o(.text)
    ADC1_2_IRQHandler                        0x080013bb   Thumb Code     0  startup_stm32f10x_md.o(.text)
    CAN1_RX1_IRQHandler                      0x080013bb   Thumb Code     0  startup_stm32f10x_md.o(.text)
    CAN1_SCE_IRQHandler                      0x080013bb   Thumb Code     0  startup_stm32f10x_md.o(.text)
    DMA1_Channel1_IRQHandler                 0x080013bb   Thumb Code     0  startup_stm32f10x_md.o(.text)
    DMA1_Channel2_IRQHandler                 0x080013bb   Thumb Code     0  startup_stm32f10x_md.o(.text)
    DMA1_Channel3_IRQHandler                 0x080013bb   Thumb Code     0  startup_stm32f10x_md.o(.text)
    DMA1_Channel4_IRQHandler                 0x080013bb   Thumb Code     0  startup_stm32f10x_md.o(.text)
    DMA1_Channel5_IRQHandler                 0x080013bb   Thumb Code     0  startup_stm32f10x_md.o(.text)
    DMA1_Channel6_IRQHandler                 0x080013bb   Thumb Code     0  startup_stm32f10x_md.o(.text)
    DMA1_Channel7_IRQHandler                 0x080013bb   Thumb Code     0  startup_stm32f10x_md.o(.text)
    EXTI0_IRQHandler                         0x080013bb   Thumb Code     0  startup_stm32f10x_md.o(.text)
    EXTI15_10_IRQHandler                     0x080013bb   Thumb Code     0  startup_stm32f10x_md.o(.text)
    EXTI1_IRQHandler                         0x080013bb   Thumb Code     0  startup_stm32f10x_md.o(.text)
    EXTI2_IRQHandler                         0x080013bb   Thumb Code     0  startup_stm32f10x_md.o(.text)
    EXTI3_IRQHandler                         0x080013bb   Thumb Code     0  startup_stm32f10x_md.o(.text)
    EXTI4_IRQHandler                         0x080013bb   Thumb Code     0  startup_stm32f10x_md.o(.text)
    EXTI9_5_IRQHandler                       0x080013bb   Thumb Code     0  startup_stm32f10x_md.o(.text)
    FLASH_IRQHandler                         0x080013bb   Thumb Code     0  startup_stm32f10x_md.o(.text)
    I2C1_ER_IRQHandler                       0x080013bb   Thumb Code     0  startup_stm32f10x_md.o(.text)
    I2C1_EV_IRQHandler                       0x080013bb   Thumb Code     0  startup_stm32f10x_md.o(.text)
    I2C2_ER_IRQHandler                       0x080013bb   Thumb Code     0  startup_stm32f10x_md.o(.text)
    I2C2_EV_IRQHandler                       0x080013bb   Thumb Code     0  startup_stm32f10x_md.o(.text)
    PVD_IRQHandler                           0x080013bb   Thumb Code     0  startup_stm32f10x_md.o(.text)
    RCC_IRQHandler                           0x080013bb   Thumb Code     0  startup_stm32f10x_md.o(.text)
    RTCAlarm_IRQHandler                      0x080013bb   Thumb Code     0  startup_stm32f10x_md.o(.text)
    RTC_IRQHandler                           0x080013bb   Thumb Code     0  startup_stm32f10x_md.o(.text)
    SPI1_IRQHandler                          0x080013bb   Thumb Code     0  startup_stm32f10x_md.o(.text)
    SPI2_IRQHandler                          0x080013bb   Thumb Code     0  startup_stm32f10x_md.o(.text)
    TAMPER_IRQHandler                        0x080013bb   Thumb Code     0  startup_stm32f10x_md.o(.text)
    TIM1_BRK_IRQHandler                      0x080013bb   Thumb Code     0  startup_stm32f10x_md.o(.text)
    TIM1_CC_IRQHandler                       0x080013bb   Thumb Code     0  startup_stm32f10x_md.o(.text)
    TIM1_TRG_COM_IRQHandler                  0x080013bb   Thumb Code     0  startup_stm32f10x_md.o(.text)
    TIM1_UP_IRQHandler                       0x080013bb   Thumb Code     0  startup_stm32f10x_md.o(.text)
    TIM2_IRQHandler                          0x080013bb   Thumb Code     0  startup_stm32f10x_md.o(.text)
    TIM4_IRQHandler                          0x080013bb   Thumb Code     0  startup_stm32f10x_md.o(.text)
    USART2_IRQHandler                        0x080013bb   Thumb Code     0  startup_stm32f10x_md.o(.text)
    USBWakeUp_IRQHandler                     0x080013bb   Thumb Code     0  startup_stm32f10x_md.o(.text)
    USB_HP_CAN1_TX_IRQHandler                0x080013bb   Thumb Code     0  startup_stm32f10x_md.o(.text)
    USB_LP_CAN1_RX0_IRQHandler               0x080013bb   Thumb Code     0  startup_stm32f10x_md.o(.text)
    WWDG_IRQHandler                          0x080013bb   Thumb Code     0  startup_stm32f10x_md.o(.text)
    GPIO_DeInit                              0x080013c5   Thumb Code   172  stm32f10x_gpio.o(.text)
    GPIO_AFIODeInit                          0x08001471   Thumb Code    20  stm32f10x_gpio.o(.text)
    GPIO_Init                                0x08001485   Thumb Code   278  stm32f10x_gpio.o(.text)
    GPIO_StructInit                          0x0800159b   Thumb Code    16  stm32f10x_gpio.o(.text)
    GPIO_ReadInputDataBit                    0x080015ab   Thumb Code    18  stm32f10x_gpio.o(.text)
    GPIO_ReadInputData                       0x080015bd   Thumb Code     8  stm32f10x_gpio.o(.text)
    GPIO_ReadOutputDataBit                   0x080015c5   Thumb Code    18  stm32f10x_gpio.o(.text)
    GPIO_ReadOutputData                      0x080015d7   Thumb Code     8  stm32f10x_gpio.o(.text)
    GPIO_SetBits                             0x080015df   Thumb Code     4  stm32f10x_gpio.o(.text)
    GPIO_ResetBits                           0x080015e3   Thumb Code     4  stm32f10x_gpio.o(.text)
    GPIO_WriteBit                            0x080015e7   Thumb Code    10  stm32f10x_gpio.o(.text)
    GPIO_Write                               0x080015f1   Thumb Code     4  stm32f10x_gpio.o(.text)
    GPIO_PinLockConfig                       0x080015f5   Thumb Code    18  stm32f10x_gpio.o(.text)
    GPIO_EventOutputConfig                   0x08001607   Thumb Code    26  stm32f10x_gpio.o(.text)
    GPIO_EventOutputCmd                      0x08001621   Thumb Code     6  stm32f10x_gpio.o(.text)
    GPIO_PinRemapConfig                      0x08001627   Thumb Code   138  stm32f10x_gpio.o(.text)
    GPIO_EXTILineConfig                      0x080016b1   Thumb Code    66  stm32f10x_gpio.o(.text)
    GPIO_ETH_MediaInterfaceConfig            0x080016f3   Thumb Code     8  stm32f10x_gpio.o(.text)
    RCC_DeInit                               0x08001721   Thumb Code    64  stm32f10x_rcc.o(.text)
    RCC_HSEConfig                            0x08001761   Thumb Code    70  stm32f10x_rcc.o(.text)
    RCC_GetFlagStatus                        0x080017a7   Thumb Code    56  stm32f10x_rcc.o(.text)
    RCC_WaitForHSEStartUp                    0x080017df   Thumb Code    56  stm32f10x_rcc.o(.text)
    RCC_AdjustHSICalibrationValue            0x08001817   Thumb Code    20  stm32f10x_rcc.o(.text)
    RCC_HSICmd                               0x0800182b   Thumb Code     6  stm32f10x_rcc.o(.text)
    RCC_PLLConfig                            0x08001831   Thumb Code    24  stm32f10x_rcc.o(.text)
    RCC_PLLCmd                               0x08001849   Thumb Code     6  stm32f10x_rcc.o(.text)
    RCC_SYSCLKConfig                         0x0800184f   Thumb Code    18  stm32f10x_rcc.o(.text)
    RCC_GetSYSCLKSource                      0x08001861   Thumb Code    10  stm32f10x_rcc.o(.text)
    RCC_HCLKConfig                           0x0800186b   Thumb Code    18  stm32f10x_rcc.o(.text)
    RCC_PCLK1Config                          0x0800187d   Thumb Code    18  stm32f10x_rcc.o(.text)
    RCC_PCLK2Config                          0x0800188f   Thumb Code    20  stm32f10x_rcc.o(.text)
    RCC_ITConfig                             0x080018a3   Thumb Code    26  stm32f10x_rcc.o(.text)
    RCC_USBCLKConfig                         0x080018bd   Thumb Code     8  stm32f10x_rcc.o(.text)
    RCC_ADCCLKConfig                         0x080018c5   Thumb Code    18  stm32f10x_rcc.o(.text)
    RCC_LSEConfig                            0x080018d7   Thumb Code    50  stm32f10x_rcc.o(.text)
    RCC_LSICmd                               0x08001909   Thumb Code     6  stm32f10x_rcc.o(.text)
    RCC_RTCCLKConfig                         0x0800190f   Thumb Code    12  stm32f10x_rcc.o(.text)
    RCC_RTCCLKCmd                            0x0800191b   Thumb Code     8  stm32f10x_rcc.o(.text)
    RCC_GetClocksFreq                        0x08001923   Thumb Code   192  stm32f10x_rcc.o(.text)
    RCC_AHBPeriphClockCmd                    0x080019e3   Thumb Code    26  stm32f10x_rcc.o(.text)
    RCC_APB2PeriphClockCmd                   0x080019fd   Thumb Code    26  stm32f10x_rcc.o(.text)
    RCC_APB1PeriphClockCmd                   0x08001a17   Thumb Code    26  stm32f10x_rcc.o(.text)
    RCC_APB2PeriphResetCmd                   0x08001a31   Thumb Code    26  stm32f10x_rcc.o(.text)
    RCC_APB1PeriphResetCmd                   0x08001a4b   Thumb Code    26  stm32f10x_rcc.o(.text)
    RCC_BackupResetCmd                       0x08001a65   Thumb Code     8  stm32f10x_rcc.o(.text)
    RCC_ClockSecuritySystemCmd               0x08001a6d   Thumb Code     6  stm32f10x_rcc.o(.text)
    RCC_MCOConfig                            0x08001a73   Thumb Code     6  stm32f10x_rcc.o(.text)
    RCC_ClearFlag                            0x08001a79   Thumb Code    14  stm32f10x_rcc.o(.text)
    RCC_GetITStatus                          0x08001a87   Thumb Code    20  stm32f10x_rcc.o(.text)
    RCC_ClearITPendingBit                    0x08001a9b   Thumb Code     6  stm32f10x_rcc.o(.text)
    USART_DeInit                             0x08001ac5   Thumb Code   134  stm32f10x_usart.o(.text)
    USART_Init                               0x08001b4b   Thumb Code   210  stm32f10x_usart.o(.text)
    USART_StructInit                         0x08001c1d   Thumb Code    24  stm32f10x_usart.o(.text)
    USART_ClockInit                          0x08001c35   Thumb Code    34  stm32f10x_usart.o(.text)
    USART_ClockStructInit                    0x08001c57   Thumb Code    12  stm32f10x_usart.o(.text)
    USART_Cmd                                0x08001c63   Thumb Code    24  stm32f10x_usart.o(.text)
    USART_ITConfig                           0x08001c7b   Thumb Code    74  stm32f10x_usart.o(.text)
    USART_DMACmd                             0x08001cc5   Thumb Code    18  stm32f10x_usart.o(.text)
    USART_SetAddress                         0x08001cd7   Thumb Code    18  stm32f10x_usart.o(.text)
    USART_WakeUpConfig                       0x08001ce9   Thumb Code    18  stm32f10x_usart.o(.text)
    USART_ReceiverWakeUpCmd                  0x08001cfb   Thumb Code    24  stm32f10x_usart.o(.text)
    USART_LINBreakDetectLengthConfig         0x08001d13   Thumb Code    18  stm32f10x_usart.o(.text)
    USART_LINCmd                             0x08001d25   Thumb Code    24  stm32f10x_usart.o(.text)
    USART_SendData                           0x08001d3d   Thumb Code     8  stm32f10x_usart.o(.text)
    USART_ReceiveData                        0x08001d45   Thumb Code    10  stm32f10x_usart.o(.text)
    USART_SendBreak                          0x08001d4f   Thumb Code    10  stm32f10x_usart.o(.text)
    USART_SetGuardTime                       0x08001d59   Thumb Code    16  stm32f10x_usart.o(.text)
    USART_SetPrescaler                       0x08001d69   Thumb Code    16  stm32f10x_usart.o(.text)
    USART_SmartCardCmd                       0x08001d79   Thumb Code    24  stm32f10x_usart.o(.text)
    USART_SmartCardNACKCmd                   0x08001d91   Thumb Code    24  stm32f10x_usart.o(.text)
    USART_HalfDuplexCmd                      0x08001da9   Thumb Code    24  stm32f10x_usart.o(.text)
    USART_OverSampling8Cmd                   0x08001dc1   Thumb Code    22  stm32f10x_usart.o(.text)
    USART_OneBitMethodCmd                    0x08001dd7   Thumb Code    24  stm32f10x_usart.o(.text)
    USART_IrDAConfig                         0x08001def   Thumb Code    18  stm32f10x_usart.o(.text)
    USART_IrDACmd                            0x08001e01   Thumb Code    24  stm32f10x_usart.o(.text)
    USART_GetFlagStatus                      0x08001e19   Thumb Code    26  stm32f10x_usart.o(.text)
    USART_ClearFlag                          0x08001e33   Thumb Code    18  stm32f10x_usart.o(.text)
    USART_GetITStatus                        0x08001e45   Thumb Code    84  stm32f10x_usart.o(.text)
    USART_ClearITPendingBit                  0x08001e99   Thumb Code    52  stm32f10x_usart.o(.text)
    NVIC_PriorityGroupConfig                 0x08001ecd   Thumb Code    10  misc.o(.text)
    NVIC_Init                                0x08001ed7   Thumb Code   100  misc.o(.text)
    NVIC_SetVectorTable                      0x08001f3b   Thumb Code    14  misc.o(.text)
    NVIC_SystemLPConfig                      0x08001f49   Thumb Code    34  misc.o(.text)
    SysTick_CLKSourceConfig                  0x08001f6b   Thumb Code    40  misc.o(.text)
    ADC_DeInit                               0x08001fa9   Thumb Code    78  stm32f10x_adc.o(.text)
    ADC_Init                                 0x08001ff7   Thumb Code    70  stm32f10x_adc.o(.text)
    ADC_StructInit                           0x0800203d   Thumb Code    18  stm32f10x_adc.o(.text)
    ADC_Cmd                                  0x0800204f   Thumb Code    22  stm32f10x_adc.o(.text)
    ADC_DMACmd                               0x08002065   Thumb Code    22  stm32f10x_adc.o(.text)
    ADC_ITConfig                             0x0800207b   Thumb Code    24  stm32f10x_adc.o(.text)
    ADC_ResetCalibration                     0x08002093   Thumb Code    10  stm32f10x_adc.o(.text)
    ADC_GetResetCalibrationStatus            0x0800209d   Thumb Code    20  stm32f10x_adc.o(.text)
    ADC_StartCalibration                     0x080020b1   Thumb Code    10  stm32f10x_adc.o(.text)
    ADC_GetCalibrationStatus                 0x080020bb   Thumb Code    20  stm32f10x_adc.o(.text)
    ADC_SoftwareStartConvCmd                 0x080020cf   Thumb Code    22  stm32f10x_adc.o(.text)
    ADC_GetSoftwareStartConvStatus           0x080020e5   Thumb Code    20  stm32f10x_adc.o(.text)
    ADC_DiscModeChannelCountConfig           0x080020f9   Thumb Code    24  stm32f10x_adc.o(.text)
    ADC_DiscModeCmd                          0x08002111   Thumb Code    22  stm32f10x_adc.o(.text)
    ADC_RegularChannelConfig                 0x08002127   Thumb Code   184  stm32f10x_adc.o(.text)
    ADC_ExternalTrigConvCmd                  0x080021df   Thumb Code    22  stm32f10x_adc.o(.text)
    ADC_GetConversionValue                   0x080021f5   Thumb Code     8  stm32f10x_adc.o(.text)
    ADC_GetDualModeConversionValue           0x080021fd   Thumb Code     8  stm32f10x_adc.o(.text)
    ADC_AutoInjectedConvCmd                  0x08002205   Thumb Code    22  stm32f10x_adc.o(.text)
    ADC_InjectedDiscModeCmd                  0x0800221b   Thumb Code    22  stm32f10x_adc.o(.text)
    ADC_ExternalTrigInjectedConvConfig       0x08002231   Thumb Code    16  stm32f10x_adc.o(.text)
    ADC_ExternalTrigInjectedConvCmd          0x08002241   Thumb Code    22  stm32f10x_adc.o(.text)
    ADC_SoftwareStartInjectedConvCmd         0x08002257   Thumb Code    22  stm32f10x_adc.o(.text)
    ADC_GetSoftwareStartInjectedConvCmdStatus 0x0800226d   Thumb Code    20  stm32f10x_adc.o(.text)
    ADC_InjectedChannelConfig                0x08002281   Thumb Code   130  stm32f10x_adc.o(.text)
    ADC_InjectedSequencerLengthConfig        0x08002303   Thumb Code    24  stm32f10x_adc.o(.text)
    ADC_SetInjectedOffset                    0x0800231b   Thumb Code    20  stm32f10x_adc.o(.text)
    ADC_GetInjectedConversionValue           0x0800232f   Thumb Code    28  stm32f10x_adc.o(.text)
    ADC_AnalogWatchdogCmd                    0x0800234b   Thumb Code    16  stm32f10x_adc.o(.text)
    ADC_AnalogWatchdogThresholdsConfig       0x0800235b   Thumb Code     6  stm32f10x_adc.o(.text)
    ADC_AnalogWatchdogSingleChannelConfig    0x08002361   Thumb Code    16  stm32f10x_adc.o(.text)
    ADC_TempSensorVrefintCmd                 0x08002371   Thumb Code    64  stm32f10x_adc.o(.text)
    ADC_GetFlagStatus                        0x080023b1   Thumb Code    18  stm32f10x_adc.o(.text)
    ADC_ClearFlag                            0x080023c3   Thumb Code     6  stm32f10x_adc.o(.text)
    ADC_GetITStatus                          0x080023c9   Thumb Code    36  stm32f10x_adc.o(.text)
    ADC_ClearITPendingBit                    0x080023ed   Thumb Code    10  stm32f10x_adc.o(.text)
    TIM_DeInit                               0x080023f9   Thumb Code   424  stm32f10x_tim.o(.text)
    TIM_TimeBaseInit                         0x080025a1   Thumb Code   122  stm32f10x_tim.o(.text)
    TIM_OC1Init                              0x0800261b   Thumb Code   132  stm32f10x_tim.o(.text)
    TIM_OC2Init                              0x0800269f   Thumb Code   154  stm32f10x_tim.o(.text)
    TIM_OC3Init                              0x08002739   Thumb Code   150  stm32f10x_tim.o(.text)
    TIM_OC4Init                              0x080027cf   Thumb Code   182  stm32f10x_tim.o(.text)
    TIM_SetIC4Prescaler                      0x08002885   Thumb Code    26  stm32f10x_tim.o(.text)
    TIM_SetIC3Prescaler                      0x08002921   Thumb Code    18  stm32f10x_tim.o(.text)
    TIM_SetIC2Prescaler                      0x080029ad   Thumb Code    26  stm32f10x_tim.o(.text)
    TIM_SetIC1Prescaler                      0x08002a49   Thumb Code    18  stm32f10x_tim.o(.text)
    TIM_ICInit                               0x08002ac7   Thumb Code   150  stm32f10x_tim.o(.text)
    TIM_PWMIConfig                           0x08002b5d   Thumb Code   124  stm32f10x_tim.o(.text)
    TIM_BDTRConfig                           0x08002bd9   Thumb Code    32  stm32f10x_tim.o(.text)
    TIM_TimeBaseStructInit                   0x08002bf9   Thumb Code    18  stm32f10x_tim.o(.text)
    TIM_OCStructInit                         0x08002c0b   Thumb Code    20  stm32f10x_tim.o(.text)
    TIM_ICStructInit                         0x08002c1f   Thumb Code    18  stm32f10x_tim.o(.text)
    TIM_BDTRStructInit                       0x08002c31   Thumb Code    40  stm32f10x_tim.o(.text)
    TIM_Cmd                                  0x08002c59   Thumb Code    24  stm32f10x_tim.o(.text)
    TIM_CtrlPWMOutputs                       0x08002c71   Thumb Code    30  stm32f10x_tim.o(.text)
    TIM_ITConfig                             0x08002c8f   Thumb Code    18  stm32f10x_tim.o(.text)
    TIM_GenerateEvent                        0x08002ca1   Thumb Code     4  stm32f10x_tim.o(.text)
    TIM_DMAConfig                            0x08002ca5   Thumb Code    10  stm32f10x_tim.o(.text)
    TIM_DMACmd                               0x08002caf   Thumb Code    18  stm32f10x_tim.o(.text)
    TIM_InternalClockConfig                  0x08002cc1   Thumb Code    12  stm32f10x_tim.o(.text)
    TIM_SelectInputTrigger                   0x08002ccd   Thumb Code    18  stm32f10x_tim.o(.text)
    TIM_ITRxExternalClockConfig              0x08002cdf   Thumb Code    24  stm32f10x_tim.o(.text)
    TIM_TIxExternalClockConfig               0x08002cf7   Thumb Code    62  stm32f10x_tim.o(.text)
    TIM_ETRConfig                            0x08002d35   Thumb Code    28  stm32f10x_tim.o(.text)
    TIM_ETRClockMode1Config                  0x08002d51   Thumb Code    54  stm32f10x_tim.o(.text)
    TIM_ETRClockMode2Config                  0x08002d87   Thumb Code    32  stm32f10x_tim.o(.text)
    TIM_PrescalerConfig                      0x08002da7   Thumb Code     6  stm32f10x_tim.o(.text)
    TIM_CounterModeConfig                    0x08002dad   Thumb Code    18  stm32f10x_tim.o(.text)
    TIM_EncoderInterfaceConfig               0x08002dbf   Thumb Code    66  stm32f10x_tim.o(.text)
    TIM_ForcedOC1Config                      0x08002e01   Thumb Code    18  stm32f10x_tim.o(.text)
    TIM_ForcedOC2Config                      0x08002e13   Thumb Code    26  stm32f10x_tim.o(.text)
    TIM_ForcedOC3Config                      0x08002e2d   Thumb Code    18  stm32f10x_tim.o(.text)
    TIM_ForcedOC4Config                      0x08002e3f   Thumb Code    26  stm32f10x_tim.o(.text)
    TIM_ARRPreloadConfig                     0x08002e59   Thumb Code    24  stm32f10x_tim.o(.text)
    TIM_SelectCOM                            0x08002e71   Thumb Code    24  stm32f10x_tim.o(.text)
    TIM_SelectCCDMA                          0x08002e89   Thumb Code    24  stm32f10x_tim.o(.text)
    TIM_CCPreloadControl                     0x08002ea1   Thumb Code    24  stm32f10x_tim.o(.text)
    TIM_OC1PreloadConfig                     0x08002eb9   Thumb Code    18  stm32f10x_tim.o(.text)
    TIM_OC2PreloadConfig                     0x08002ecb   Thumb Code    26  stm32f10x_tim.o(.text)
    TIM_OC3PreloadConfig                     0x08002ee5   Thumb Code    18  stm32f10x_tim.o(.text)
    TIM_OC4PreloadConfig                     0x08002ef7   Thumb Code    26  stm32f10x_tim.o(.text)
    TIM_OC1FastConfig                        0x08002f11   Thumb Code    18  stm32f10x_tim.o(.text)
    TIM_OC2FastConfig                        0x08002f23   Thumb Code    26  stm32f10x_tim.o(.text)
    TIM_OC3FastConfig                        0x08002f3d   Thumb Code    18  stm32f10x_tim.o(.text)
    TIM_OC4FastConfig                        0x08002f4f   Thumb Code    26  stm32f10x_tim.o(.text)
    TIM_ClearOC1Ref                          0x08002f69   Thumb Code    18  stm32f10x_tim.o(.text)
    TIM_ClearOC2Ref                          0x08002f7b   Thumb Code    24  stm32f10x_tim.o(.text)
    TIM_ClearOC3Ref                          0x08002f93   Thumb Code    18  stm32f10x_tim.o(.text)
    TIM_ClearOC4Ref                          0x08002fa5   Thumb Code    24  stm32f10x_tim.o(.text)
    TIM_OC1PolarityConfig                    0x08002fbd   Thumb Code    18  stm32f10x_tim.o(.text)
    TIM_OC1NPolarityConfig                   0x08002fcf   Thumb Code    18  stm32f10x_tim.o(.text)
    TIM_OC2PolarityConfig                    0x08002fe1   Thumb Code    26  stm32f10x_tim.o(.text)
    TIM_OC2NPolarityConfig                   0x08002ffb   Thumb Code    26  stm32f10x_tim.o(.text)
    TIM_OC3PolarityConfig                    0x08003015   Thumb Code    26  stm32f10x_tim.o(.text)
    TIM_OC3NPolarityConfig                   0x0800302f   Thumb Code    26  stm32f10x_tim.o(.text)
    TIM_OC4PolarityConfig                    0x08003049   Thumb Code    26  stm32f10x_tim.o(.text)
    TIM_CCxCmd                               0x08003063   Thumb Code    30  stm32f10x_tim.o(.text)
    TIM_CCxNCmd                              0x08003081   Thumb Code    30  stm32f10x_tim.o(.text)
    TIM_SelectOCxM                           0x0800309f   Thumb Code    82  stm32f10x_tim.o(.text)
    TIM_UpdateDisableConfig                  0x080030f1   Thumb Code    24  stm32f10x_tim.o(.text)
    TIM_UpdateRequestConfig                  0x08003109   Thumb Code    24  stm32f10x_tim.o(.text)
    TIM_SelectHallSensor                     0x08003121   Thumb Code    24  stm32f10x_tim.o(.text)
    TIM_SelectOnePulseMode                   0x08003139   Thumb Code    18  stm32f10x_tim.o(.text)
    TIM_SelectOutputTrigger                  0x0800314b   Thumb Code    18  stm32f10x_tim.o(.text)
    TIM_SelectSlaveMode                      0x0800315d   Thumb Code    18  stm32f10x_tim.o(.text)
    TIM_SelectMasterSlaveMode                0x0800316f   Thumb Code    18  stm32f10x_tim.o(.text)
    TIM_SetCounter                           0x08003181   Thumb Code     4  stm32f10x_tim.o(.text)
    TIM_SetAutoreload                        0x08003185   Thumb Code     4  stm32f10x_tim.o(.text)
    TIM_SetCompare1                          0x08003189   Thumb Code     4  stm32f10x_tim.o(.text)
    TIM_SetCompare2                          0x0800318d   Thumb Code     4  stm32f10x_tim.o(.text)
    TIM_SetCompare3                          0x08003191   Thumb Code     4  stm32f10x_tim.o(.text)
    TIM_SetCompare4                          0x08003195   Thumb Code     6  stm32f10x_tim.o(.text)
    TIM_SetClockDivision                     0x0800319b   Thumb Code    18  stm32f10x_tim.o(.text)
    TIM_GetCapture1                          0x080031ad   Thumb Code     6  stm32f10x_tim.o(.text)
    TIM_GetCapture2                          0x080031b3   Thumb Code     6  stm32f10x_tim.o(.text)
    TIM_GetCapture3                          0x080031b9   Thumb Code     6  stm32f10x_tim.o(.text)
    TIM_GetCapture4                          0x080031bf   Thumb Code     8  stm32f10x_tim.o(.text)
    TIM_GetCounter                           0x080031c7   Thumb Code     6  stm32f10x_tim.o(.text)
    TIM_GetPrescaler                         0x080031cd   Thumb Code     6  stm32f10x_tim.o(.text)
    TIM_GetFlagStatus                        0x080031d3   Thumb Code    18  stm32f10x_tim.o(.text)
    TIM_ClearFlag                            0x080031e5   Thumb Code     6  stm32f10x_tim.o(.text)
    TIM_GetITStatus                          0x080031eb   Thumb Code    34  stm32f10x_tim.o(.text)
    TIM_ClearITPendingBit                    0x0800320d   Thumb Code     6  stm32f10x_tim.o(.text)
    strstr                                   0x08003213   Thumb Code    36  strstr.o(.text)
    __scatterload                            0x08003239   Thumb Code    28  init.o(.text)
    __scatterload_rt2                        0x08003239   Thumb Code     0  init.o(.text)
    __scatterload_copy                       0x0800325d   Thumb Code    14  handlers.o(i.__scatterload_copy)
    __scatterload_null                       0x0800326b   Thumb Code     2  handlers.o(i.__scatterload_null)
    __scatterload_zeroinit                   0x0800326d   Thumb Code    14  handlers.o(i.__scatterload_zeroinit)
    Region$$Table$$Base                      0x0800327c   Number         0  anon$$obj.o(Region$$Table)
    Region$$Table$$Limit                     0x0800329c   Number         0  anon$$obj.o(Region$$Table)
    bbuf                                     0x20000000   Data          16  main.o(.data)
    bbbuf                                    0x20000010   Data          12  main.o(.data)
    buf                                      0x2000001c   Data           6  main.o(.data)
    buf1                                     0x20000022   Data           6  main.o(.data)
    humi_value                               0x20000028   Data           1  main.o(.data)
    temp_value                               0x20000029   Data           1  main.o(.data)
    flag                                     0x2000002a   Data           1  main.o(.data)
    flag1                                    0x2000002b   Data           1  main.o(.data)
    smog_value                               0x2000002c   Data           2  main.o(.data)
    beam_value                               0x2000002e   Data           2  main.o(.data)
    SystemCoreClock                          0x20000030   Data           4  system_stm32f10x.o(.data)
    AHBPrescTable                            0x20000034   Data          16  system_stm32f10x.o(.data)
    First_Int                                0x20000044   Data           1  wifi.o(.data)
    __stdout                                 0x2000004c   Data           4  usart.o(.data)
    USART_RX_STA                             0x20000050   Data           2  usart.o(.data)
    value_buf                                0x20000068   Data          14  main.o(.bss)
    Uart3_Buf                                0x20000076   Data         100  wifi.o(.bss)
    USART_RX_BUF                             0x200000da   Data         200  usart.o(.bss)
    __initial_sp                             0x200005a8   Data           0  startup_stm32f10x_md.o(STACK)



==============================================================================

Memory Map of the image

  Image Entry point : 0x080000ed

  Load Region LR_IROM1 (Base: 0x08000000, Size: 0x00003304, Max: 0x00010000, ABSOLUTE)

    Execution Region ER_IROM1 (Exec base: 0x08000000, Load base: 0x08000000, Size: 0x0000329c, Max: 0x00010000, ABSOLUTE)

    Exec Addr    Load Addr    Size         Type   Attr      Idx    E Section Name        Object

    0x08000000   0x08000000   0x000000ec   Data   RO          342    RESET               startup_stm32f10x_md.o
    0x080000ec   0x080000ec   0x00000000   Code   RO          421  * .ARM.Collect$$$$00000000  mc_w.l(entry.o)
    0x080000ec   0x080000ec   0x00000004   Code   RO          426    .ARM.Collect$$$$00000001  mc_w.l(entry2.o)
    0x080000f0   0x080000f0   0x00000004   Code   RO          429    .ARM.Collect$$$$00000004  mc_w.l(entry5.o)
    0x080000f4   0x080000f4   0x00000000   Code   RO          431    .ARM.Collect$$$$00000008  mc_w.l(entry7b.o)
    0x080000f4   0x080000f4   0x00000000   Code   RO          433    .ARM.Collect$$$$0000000A  mc_w.l(entry8b.o)
    0x080000f4   0x080000f4   0x00000008   Code   RO          434    .ARM.Collect$$$$0000000B  mc_w.l(entry9a.o)
    0x080000fc   0x080000fc   0x00000000   Code   RO          436    .ARM.Collect$$$$0000000D  mc_w.l(entry10a.o)
    0x080000fc   0x080000fc   0x00000000   Code   RO          438    .ARM.Collect$$$$0000000F  mc_w.l(entry11a.o)
    0x080000fc   0x080000fc   0x00000004   Code   RO          427    .ARM.Collect$$$$00002712  mc_w.l(entry2.o)
    0x08000100   0x08000100   0x00000694   Code   RO            1    .text               main.o
    0x08000794   0x08000794   0x0000001a   Code   RO          137    .text               stm32f10x_it.o
    0x080007ae   0x080007ae   0x00000002   PAD
    0x080007b0   0x080007b0   0x000001e0   Code   RO          178    .text               system_stm32f10x.o
    0x08000990   0x08000990   0x000000cc   Code   RO          196    .text               led.o
    0x08000a5c   0x08000a5c   0x000002c0   Code   RO          208    .text               wifi.o
    0x08000d1c   0x08000d1c   0x000001c8   Code   RO          227    .text               dht11.o
    0x08000ee4   0x08000ee4   0x00000148   Code   RO          239    .text               lcd1602.o
    0x0800102c   0x0800102c   0x000000ec   Code   RO          251    .text               adc.o
    0x08001118   0x08001118   0x00000074   Code   RO          263    .text               timer.o
    0x0800118c   0x0800118c   0x000000d4   Code   RO          276    .text               delay.o
    0x08001260   0x08001260   0x00000140   Code   RO          307    .text               usart.o
    0x080013a0   0x080013a0   0x00000024   Code   RO          343    .text               startup_stm32f10x_md.o
    0x080013c4   0x080013c4   0x0000035c   Code   RO          347    .text               stm32f10x_gpio.o
    0x08001720   0x08001720   0x000003a4   Code   RO          359    .text               stm32f10x_rcc.o
    0x08001ac4   0x08001ac4   0x00000408   Code   RO          373    .text               stm32f10x_usart.o
    0x08001ecc   0x08001ecc   0x000000dc   Code   RO          385    .text               misc.o
    0x08001fa8   0x08001fa8   0x0000044e   Code   RO          397    .text               stm32f10x_adc.o
    0x080023f6   0x080023f6   0x00000002   PAD
    0x080023f8   0x080023f8   0x00000e1a   Code   RO          409    .text               stm32f10x_tim.o
    0x08003212   0x08003212   0x00000024   Code   RO          424    .text               mc_w.l(strstr.o)
    0x08003236   0x08003236   0x00000002   PAD
    0x08003238   0x08003238   0x00000024   Code   RO          440    .text               mc_w.l(init.o)
    0x0800325c   0x0800325c   0x0000000e   Code   RO          444    i.__scatterload_copy  mc_w.l(handlers.o)
    0x0800326a   0x0800326a   0x00000002   Code   RO          445    i.__scatterload_null  mc_w.l(handlers.o)
    0x0800326c   0x0800326c   0x0000000e   Code   RO          446    i.__scatterload_zeroinit  mc_w.l(handlers.o)
    0x0800327a   0x0800327a   0x00000002   PAD
    0x0800327c   0x0800327c   0x00000020   Data   RO          442    Region$$Table       anon$$obj.o


    Execution Region RW_IRAM1 (Exec base: 0x20000000, Load base: 0x0800329c, Size: 0x000005a8, Max: 0x00005000, ABSOLUTE)

    Exec Addr    Load Addr    Size         Type   Attr      Idx    E Section Name        Object

    0x20000000   0x0800329c   0x00000030   Data   RW            3    .data               main.o
    0x20000030   0x080032cc   0x00000014   Data   RW          179    .data               system_stm32f10x.o
    0x20000044   0x080032e0   0x00000001   Data   RW          210    .data               wifi.o
    0x20000045   0x080032e1   0x00000001   PAD
    0x20000046   0x080032e2   0x00000004   Data   RW          277    .data               delay.o
    0x2000004a   0x080032e6   0x00000002   PAD
    0x2000004c   0x080032e8   0x00000006   Data   RW          309    .data               usart.o
    0x20000052   0x080032ee   0x00000014   Data   RW          360    .data               stm32f10x_rcc.o
    0x20000066   0x08003302   0x00000002   PAD
    0x20000068        -       0x0000000e   Zero   RW            2    .bss                main.o
    0x20000076        -       0x00000064   Zero   RW          209    .bss                wifi.o
    0x200000da        -       0x000000c8   Zero   RW          308    .bss                usart.o
    0x200001a2   0x08003302   0x00000006   PAD
    0x200001a8        -       0x00000400   Zero   RW          340    STACK               startup_stm32f10x_md.o


==============================================================================

Image component sizes


      Code (inc. data)   RO Data    RW Data    ZI Data      Debug   Object Name

       236         10          0          0          0       1063   adc.o
       212         18          0          4          0        963   delay.o
       456         12          0          0          0       2371   dht11.o
       328         18          0          0          0       1944   lcd1602.o
       204         12          0          0          0        798   led.o
      1684        130          0         48         14     263288   main.o
       220         22          0          0          0       1721   misc.o
        36          8        236          0       1024        756   startup_stm32f10x_md.o
      1102         26          0          0          0      10961   stm32f10x_adc.o
       860         38          0          0          0       5653   stm32f10x_gpio.o
        26          0          0          0          0       1142   stm32f10x_it.o
       932         36          0         20          0       8792   stm32f10x_rcc.o
      3610         88          0          0          0      22760   stm32f10x_tim.o
      1032         22          0          0          0       8380   stm32f10x_usart.o
         0          0          0          0          0         32   sys.o
       480         38          0         20          0       1623   system_stm32f10x.o
       116          6          0          0          0        748   timer.o
       320         16          0          6        200       3086   usart.o
       704        164          0          1        100       3145   wifi.o

    ----------------------------------------------------------------------
     12562        664        268        104       1344     339226   Object Totals
         0          0         32          0          0          0   (incl. Generated)
         4          0          0          5          6          0   (incl. Padding)

    ----------------------------------------------------------------------

      Code (inc. data)   RO Data    RW Data    ZI Data      Debug   Library Member Name

         0          0          0          0          0          0   entry.o
         0          0          0          0          0          0   entry10a.o
         0          0          0          0          0          0   entry11a.o
         8          4          0          0          0          0   entry2.o
         4          0          0          0          0          0   entry5.o
         0          0          0          0          0          0   entry7b.o
         0          0          0          0          0          0   entry8b.o
         8          4          0          0          0          0   entry9a.o
        30          0          0          0          0          0   handlers.o
        36          8          0          0          0         68   init.o
        36          0          0          0          0         80   strstr.o

    ----------------------------------------------------------------------
       126         16          0          0          0        148   Library Totals
         4          0          0          0          0          0   (incl. Padding)

    ----------------------------------------------------------------------

      Code (inc. data)   RO Data    RW Data    ZI Data      Debug   Library Name

       122         16          0          0          0        148   mc_w.l

    ----------------------------------------------------------------------
       126         16          0          0          0        148   Library Totals

    ----------------------------------------------------------------------

==============================================================================


      Code (inc. data)   RO Data    RW Data    ZI Data      Debug   

     12688        680        268        104       1344     338122   Grand Totals
     12688        680        268        104       1344     338122   ELF Image Totals
     12688        680        268        104          0          0   ROM Totals

==============================================================================

    Total RO  Size (Code + RO Data)                12956 (  12.65kB)
    Total RW  Size (RW Data + ZI Data)              1448 (   1.41kB)
    Total ROM Size (Code + RO Data + RW Data)      13060 (  12.75kB)

==============================================================================

